
> verihub@0.1.0 build:mobile:win
> node scripts/build-mobile.js && npx cap copy android

Moving api folder temporarily: C:\Users\dariu\Documents\AntiG Agents\Verihub\src\app\api -> C:\Users\dariu\Documents\AntiG Agents\Verihub\api_temp_mobile_excluded
▲ Next.js 16.1.6 (Turbopack)
- Environments: .env

⚠ The "middleware" file convention is deprecated. Please use "proxy" instead. Learn more: https://nextjs.org/docs/messages/middleware-to-proxy
  Creating an optimized production build ...
✓ Compiled successfully in 4.0s
  Running TypeScript ...
  Collecting page data using 15 workers ...

> Build error occurred
Error: Page "/dashboard/contacts/[id]" is missing "generateStaticParams()" so it cannot be used with "output: export" config.
    at ignore-listed frames
Build failed: Command failed: cross-env NEXT_MOBILE_BUILD=true next build
Restoring api folder...
Api folder restored.
√ Copying web assets from public to android\app\src\main\assets\public in 81.07ms
√ Creating capacitor.config.json in android\app\src\main\assets in 809.90μs
√ copy android in 152.43ms
